// Jest Snapshot v1, https://goo.gl/fbAQLP

exports[`CardImage It renders 1`] = `"<figure role=\\"presentation\\"><img alt=\\"Alt\\" src=\\"url\\" srcSet style=\\"filter: grayscale(100%) url(#ExpandableCards__Filter_-38gRqbnbq3oY6x_v-qSP); -webkit-filter: grayscale(100%) url(#ExpandableCards__Filter_-38gRqbnbq3oY6x_v-qSP);\\" /><svg><defs></defs><filter id=\\"ExpandableCards__Filter_-38gRqbnbq3oY6x_v-qSP\\" color-interpolation-filters=\\"sRGB\\" x=\\"0\\" y=\\"0\\" height=\\"100%\\" width=\\"100%\\"><feComponentTransfer><feFuncR type=\\"gamma\\" exponent=\\"0.9980392156862745\\"></feFuncR><feFuncG type=\\"gamma\\" exponent=\\"0.9980392156862745\\"></feFuncG><feFuncB type=\\"gamma\\" exponent=\\"0.9980392156862745\\"></feFuncB></feComponentTransfer></filter></svg></figure>"`;
