// Jest Snapshot v1, https://goo.gl/fbAQLP

exports[`GammaFilter It renders 1`] = `"<svg><defs></defs><filter id=\\"id\\" color-interpolation-filters=\\"sRGB\\" x=\\"0\\" y=\\"0\\" height=\\"100%\\" width=\\"100%\\"><feComponentTransfer><feFuncR type=\\"gamma\\" exponent=\\"10\\"></feFuncR><feFuncG type=\\"gamma\\" exponent=\\"10\\"></feFuncG><feFuncB type=\\"gamma\\" exponent=\\"10\\"></feFuncB></feComponentTransfer></filter></svg>"`;
